test_actual_counts_sharing_scope_and_content_identities (test_inspection.InspectionTests.test_actual_counts_sharing_scope_and_content_identities) ... ok
test_cli_inventory_forward_capture_and_failures (test_inspection.InspectionTests.test_cli_inventory_forward_capture_and_failures) ... ok
test_inspection_rejects_unbounded_selection_and_attached_captures (test_inspection.InspectionTests.test_inspection_rejects_unbounded_selection_and_attached_captures) ... ok
test_locked_cpu_backend_is_the_conformance_lane (test_inspection.InspectionTests.test_locked_cpu_backend_is_the_conformance_lane) ... ok
test_quantizer_snapshots_are_exact_detached_and_independent (test_inspection.InspectionTests.test_quantizer_snapshots_are_exact_detached_and_independent) ... ok
test_backward_reaches_all_named_parameters_without_masked_loss (test_model.ModelTests.test_backward_reaches_all_named_parameters_without_masked_loss) ... ok
test_capture_is_detached_selected_and_does_not_change_forward (test_model.ModelTests.test_capture_is_detached_selected_and_does_not_change_forward) ... ok
test_causality_padding_batch_isolation_and_prefix_parity (test_model.ModelTests.test_causality_padding_batch_isolation_and_prefix_parity) ... ok
test_independent_dense_and_ternary_forward_fixtures (test_model.ModelTests.test_independent_dense_and_ternary_forward_fixtures) ... ok
test_invalid_inputs_capture_and_allocation_budgets (test_model.ModelTests.test_invalid_inputs_capture_and_allocation_budgets) ... ok
test_modified_shape_dtype_sharing_or_lane_is_rejected (test_model.ModelTests.test_modified_shape_dtype_sharing_or_lane_is_rejected) ... ok
test_reference_parameter_inventory_and_matched_initialization (test_model.ModelTests.test_reference_parameter_inventory_and_matched_initialization) ... ok
test_codes_scale_ties_saturation_and_surrogate_boundaries (test_quantizer.QuantizerTests.test_codes_scale_ties_saturation_and_surrogate_boundaries) ... ok
test_independent_scale_and_threshold_oracle (test_quantizer.QuantizerTests.test_independent_scale_and_threshold_oracle) ... ok
test_invalid_shapes_dtypes_layouts_and_nonfinite_values (test_quantizer.QuantizerTests.test_invalid_shapes_dtypes_layouts_and_nonfinite_values) ... ok
test_noncontiguous_weight_and_no_latent_mutation (test_quantizer.QuantizerTests.test_noncontiguous_weight_and_no_latent_mutation) ... ok
test_zero_subnormal_and_extreme_finite_inputs (test_quantizer.QuantizerTests.test_zero_subnormal_and_extreme_finite_inputs) ... ok
test_both_lanes_learn_visible_fixture_with_matched_budgets (test_training.TrainingTests.test_both_lanes_learn_visible_fixture_with_matched_budgets) ... ok
test_checkpoint_directory_rejects_links_and_extra_files (test_training.TrainingTests.test_checkpoint_directory_rejects_links_and_extra_files) ... ok
test_cli_replays_checkpoint_across_fresh_processes (test_training.TrainingTests.test_cli_replays_checkpoint_across_fresh_processes) ... ok
test_deadline_failure_has_no_update (test_training.TrainingTests.test_deadline_failure_has_no_update) ... ok
test_failed_run_retains_valid_completed_step_checkpoint (test_training.TrainingTests.test_failed_run_retains_valid_completed_step_checkpoint) ... ok
test_frozen_plan_and_resource_rejections (test_training.TrainingTests.test_frozen_plan_and_resource_rejections) ... ok
test_interrupted_replay_preserves_all_checkpoint_bytes_and_rng (test_training.TrainingTests.test_interrupted_replay_preserves_all_checkpoint_bytes_and_rng) ... ok
test_mandatory_pin_failure_returns_nonzero_after_preserving_computation (test_training.TrainingTests.test_mandatory_pin_failure_returns_nonzero_after_preserving_computation) ... ok
test_metadata_rejection_never_restores_rng (test_training.TrainingTests.test_metadata_rejection_never_restores_rng) ... ok
test_observer_off_on_and_failed_record_preserve_gradients_updates_rng_bytes (test_training.TrainingTests.test_observer_off_on_and_failed_record_preserve_gradients_updates_rng_bytes) ... ok
test_optimizer_contract_rejects_mutated_algorithm_and_settings_before_updates (test_training.TrainingTests.test_optimizer_contract_rejects_mutated_algorithm_and_settings_before_updates) ... ok
test_seeded_initialization_matches_lanes_without_global_rng_draws (test_training.TrainingTests.test_seeded_initialization_matches_lanes_without_global_rng_draws) ... ok
test_shifted_answer_eos_loss_matches_independent_target_selection (test_training.TrainingTests.test_shifted_answer_eos_loss_matches_independent_target_selection) ... ok
test_tensor_rejection_checks_semantics_beyond_matching_hashes (test_training.TrainingTests.test_tensor_rejection_checks_semantics_beyond_matching_hashes) ... ok
test_writer_rejects_nonfinite_rng_cache (test_training.TrainingTests.test_writer_rejects_nonfinite_rng_cache) ... ok
test_zero_step_resume_and_wrong_plan_lane_inputs (test_training.TrainingTests.test_zero_step_resume_and_wrong_plan_lane_inputs) ... ok
test_capture_receipt_rejects_changed_spans_dtype_selection_shapes_and_bytes (test_geometry_run.CaptureTests.test_capture_receipt_rejects_changed_spans_dtype_selection_shapes_and_bytes) ... ok
test_null_control_is_deterministic_and_does_not_consume_rng (test_geometry_run.CaptureTests.test_null_control_is_deterministic_and_does_not_consume_rng) ... ok
test_prompt_spans_native_states_and_causal_prefix_parity (test_geometry_run.CaptureTests.test_prompt_spans_native_states_and_causal_prefix_parity) ... ok
test_checkpoint_election_lane_and_plan_are_frozen (test_geometry_run.ObservationTests.test_checkpoint_election_lane_and_plan_are_frozen) ... ok
test_cli_freeze_and_measure_work_in_independent_processes (test_geometry_run.ObservationTests.test_cli_freeze_and_measure_work_in_independent_processes) ... ok
test_combined_cpu_runner_preserves_standalone_suite_ids (test_geometry_run.ObservationTests.test_combined_cpu_runner_preserves_standalone_suite_ids) ... ok
test_complete_native_space_pairing_and_all_controls_retained (test_geometry_run.ObservationTests.test_complete_native_space_pairing_and_all_controls_retained) ... ok
test_failed_capture_preserves_error_and_ineligibility (test_geometry_run.ObservationTests.test_failed_capture_preserves_error_and_ineligibility) ... ok
test_frozen_repository_protocol_and_request_bind_inputs_before_capture (test_geometry_run.ObservationTests.test_frozen_repository_protocol_and_request_bind_inputs_before_capture) ... ok
test_geo_null_reuse_001_exact_direct_pair_oracle_and_one_materialization (test_geometry_run.ObservationTests.test_geo_null_reuse_001_exact_direct_pair_oracle_and_one_materialization) ... ok
test_replay_off_and_failed_observer_preserve_artifacts_rng_checkpoints (test_geometry_run.ObservationTests.test_replay_off_and_failed_observer_preserve_artifacts_rng_checkpoints) ... ok
test_aggregation_requires_every_paired_cell_and_matching_initialization (test_comparison.ComparisonTests.test_aggregation_requires_every_paired_cell_and_matching_initialization) ... ok
test_frozen_request_rejects_changed_source_protocol_and_environment (test_comparison.ComparisonTests.test_frozen_request_rejects_changed_source_protocol_and_environment) ... ok
test_geometry_uses_training_only_one_sided_control_and_preserves_rng (test_comparison.ComparisonTests.test_geometry_uses_training_only_one_sided_control_and_preserves_rng) ... ok
test_greedy_stops_at_eos_and_does_not_use_teacher_forcing (test_comparison.ComparisonTests.test_greedy_stops_at_eos_and_does_not_use_teacher_forcing) ... ok
test_real_cell_evidence_binds_result_copies_and_retains_verification (test_comparison.ComparisonTests.test_real_cell_evidence_binds_result_copies_and_retains_verification) ... ok
test_snapshot_rejects_identity_context_progress_and_tensor_corruption (test_comparison.ComparisonTests.test_snapshot_rejects_identity_context_progress_and_tensor_corruption) ... ok
test_snapshot_resumes_all_three_lanes_bit_exact_on_variable_length_tasks (test_comparison.ComparisonTests.test_snapshot_resumes_all_three_lanes_bit_exact_on_variable_length_tasks) ... ok
test_training_consumes_only_train_and_validation_and_matches_budgets (test_comparison.ComparisonTests.test_training_consumes_only_train_and_validation_and_matches_budgets) ... ok
test_worker_dispatch_is_closed_and_paths_are_arguments_without_a_shell (test_comparison.ComparisonTests.test_worker_dispatch_is_closed_and_paths_are_arguments_without_a_shell) ... ok
test_bad_inputs_and_effective_overflow_reject_without_mutation (test_comparison.FourStateTests.test_bad_inputs_and_effective_overflow_reject_without_mutation) ... ok
test_exact_scale_ties_zero_saturation_and_surrogate (test_comparison.FourStateTests.test_exact_scale_ties_zero_saturation_and_surrogate) ... ok
test_independent_full_scalar_forward_and_capture_oracle (test_comparison.FourStateTests.test_independent_full_scalar_forward_and_capture_oracle) ... ok
test_three_lanes_share_initialization_and_inspection_reports_scope (test_comparison.FourStateTests.test_three_lanes_share_initialization_and_inspection_reports_scope) ... ok
test_autocrlf_checkout_preserves_pinned_qec_license_and_sources (test_review_fixes.ReviewFixTests.test_autocrlf_checkout_preserves_pinned_qec_license_and_sources) ... ok
test_late_pair_mismatches_retain_all_cells_and_no_partial_groups (test_review_fixes.ReviewFixTests.test_late_pair_mismatches_retain_all_cells_and_no_partial_groups) ... ok
test_latent_byte_ratios_cover_equal_lower_and_above_margin (test_review_fixes.ReviewFixTests.test_latent_byte_ratios_cover_equal_lower_and_above_margin) ... ok
test_malformed_late_metrics_retain_failed_summary (test_review_fixes.ReviewFixTests.test_malformed_late_metrics_retain_failed_summary) ... ok
test_runner_retains_success_pair_mismatch_and_worker_timeouts (test_review_fixes.ReviewFixTests.test_runner_retains_success_pair_mismatch_and_worker_timeouts) ... ok
test_snapshot_rejects_model_plan_mismatch_before_serialization (test_review_fixes.ReviewFixTests.test_snapshot_rejects_model_plan_mismatch_before_serialization) ... ok
test_snapshot_rejects_state_lane_before_serialization (test_review_fixes.ReviewFixTests.test_snapshot_rejects_state_lane_before_serialization) ... ok
test_workflow_timeout_covers_workers_and_retention_headroom (test_review_fixes.ReviewFixTests.test_workflow_timeout_covers_workers_and_retention_headroom) ... ok
test_dense_floor_blocks_every_lane_and_forged_decision_rejects (test_foundations.FoundationsTests.test_dense_floor_blocks_every_lane_and_forged_decision_rejects) ... ok
test_fixed_worker_dispatch_and_workflow_envelope (test_foundations.FoundationsTests.test_fixed_worker_dispatch_and_workflow_envelope) ... ok
test_gates_use_exact_counts_and_require_every_task_and_baseline_margin (test_foundations.FoundationsTests.test_gates_use_exact_counts_and_require_every_task_and_baseline_margin) ... ok
test_late_pair_mismatch_retains_failed_summary_and_no_partial_groups (test_foundations.FoundationsTests.test_late_pair_mismatch_retains_failed_summary_and_no_partial_groups) ... ok
test_real_training_bundle_rechecks_checkpoint_predictions_and_tampering (test_foundations.FoundationsTests.test_real_training_bundle_rechecks_checkpoint_predictions_and_tampering) ... ok
test_request_rejects_source_protocol_environment_changes (test_foundations.FoundationsTests.test_request_rejects_source_protocol_environment_changes) ... ok
test_runner_timeouts_and_gate_stop_never_start_test_workers (test_foundations.FoundationsTests.test_runner_timeouts_and_gate_stop_never_start_test_workers) ... ok
test_scoring_passes_prompt_and_workload_cap_only_and_checks_eos (test_foundations.FoundationsTests.test_scoring_passes_prompt_and_workload_cap_only_and_checks_eos) ... ok
test_snapshot_rejects_lane_model_workload_and_tensor_changes (test_foundations.FoundationsTests.test_snapshot_rejects_lane_model_workload_and_tensor_changes) ... ok
test_success_and_late_test_failure_paths_retain_all_cells (test_foundations.FoundationsTests.test_success_and_late_test_failure_paths_retain_all_cells) ... ok
test_three_lanes_share_inputs_initialization_and_replay_bit_exact (test_foundations.FoundationsTests.test_three_lanes_share_inputs_initialization_and_replay_bit_exact) ... ok
test_actual_short_cell_evidence_and_mutated_copies (test_convergence.ConvergenceTests.test_actual_short_cell_evidence_and_mutated_copies) ... ok
test_changed_runner_bytes_reject_source_receipt (test_convergence.ConvergenceTests.test_changed_runner_bytes_reject_source_receipt) ... ok
test_checkpoint_profile_rejects_native_metadata_and_wrong_data_view (test_convergence.ConvergenceTests.test_checkpoint_profile_rejects_native_metadata_and_wrong_data_view) ... ok
test_closed_evidence_with_wrong_admitted_inputs_is_rejected (test_convergence.ConvergenceTests.test_closed_evidence_with_wrong_admitted_inputs_is_rejected) ... ok
test_cumulative_update_timeout_and_no_held_out_model_calls (test_convergence.ConvergenceTests.test_cumulative_update_timeout_and_no_held_out_model_calls) ... ok
test_regressions_and_failed_candidates_remain_descriptive (test_convergence.ConvergenceTests.test_regressions_and_failed_candidates_remain_descriptive) ... ok
test_request_binds_protocol_source_environment_and_corpus (test_convergence.ConvergenceTests.test_request_binds_protocol_source_environment_and_corpus) ... ok
test_stability_records_preclip_norms_and_rejects_nonfinite (test_convergence.ConvergenceTests.test_stability_records_preclip_norms_and_rejects_nonfinite) ... ok
test_success_and_late_mismatch_summary_paths (test_convergence.ConvergenceTests.test_success_and_late_mismatch_summary_paths) ... ok
test_timeouts_retain_all_records_and_summary (test_convergence.ConvergenceTests.test_timeouts_retain_all_records_and_summary) ... ok
test_training_only_data_view_and_interrupted_exact_replay (test_convergence.ConvergenceTests.test_training_only_data_view_and_interrupted_exact_replay) ... ok
test_workflow_covers_worker_and_retention_envelope (test_convergence.ConvergenceTests.test_workflow_covers_worker_and_retention_envelope) ... ok
test_aggregate_success_does_not_unlock_learning_or_evaluation (test_budget.BudgetTests.test_aggregate_success_does_not_unlock_learning_or_evaluation) ... ok
test_closed_but_wrong_admission_is_rejected (test_budget.BudgetTests.test_closed_but_wrong_admission_is_rejected) ... ok
test_custody_valid_false_model_predictions_are_rejected (test_budget.BudgetTests.test_custody_valid_false_model_predictions_are_rejected) ... ok
test_exact_interrupted_replay_and_checkpoint_profile (test_budget.BudgetTests.test_exact_interrupted_replay_and_checkpoint_profile) ... ok
test_failed_worker_and_aggregate_retain_all_cells (test_budget.BudgetTests.test_failed_worker_and_aggregate_retain_all_cells) ... ok
test_late_dataset_pair_mismatch_retains_summary (test_budget.BudgetTests.test_late_dataset_pair_mismatch_retains_summary) ... ok
test_real_cell_recomputes_all_milestones_from_retained_models (test_budget.BudgetTests.test_real_cell_recomputes_all_milestones_from_retained_models) ... ok
test_request_is_source_environment_admission_bound (test_budget.BudgetTests.test_request_is_source_environment_admission_bound) ... ok
test_runner_changes_invalidate_actual_source_receipt (test_budget.BudgetTests.test_runner_changes_invalidate_actual_source_receipt) ... ok
test_runner_timeouts_continue_to_failed_summary (test_budget.BudgetTests.test_runner_timeouts_continue_to_failed_summary) ... ok
test_separate_resource_bounds_and_unchanged_native_limits (test_budget.BudgetTests.test_separate_resource_bounds_and_unchanged_native_limits) ... ok
test_short_prefix_matches_prior_low_rate_updates (test_budget.BudgetTests.test_short_prefix_matches_prior_low_rate_updates) ... ok
test_update_timeout_retains_failure_before_scoring (test_budget.BudgetTests.test_update_timeout_retains_failure_before_scoring) ... ok
test_workflow_envelope_and_safe_worker_boundary (test_budget.BudgetTests.test_workflow_envelope_and_safe_worker_boundary) ... ok
test_admission_relabel_preserves_numeric_exposure_and_updates_all_lanes (test_learning.LearningTests.test_admission_relabel_preserves_numeric_exposure_and_updates_all_lanes) ... ok
test_bounded_workflow_and_closed_subprocess_boundary (test_learning.LearningTests.test_bounded_workflow_and_closed_subprocess_boundary) ... ok
test_custody_valid_false_predictions_and_admission_are_rejected (test_learning.LearningTests.test_custody_valid_false_predictions_and_admission_are_rejected) ... ok
test_dense_floor_blocks_every_held_out_call (test_learning.LearningTests.test_dense_floor_blocks_every_held_out_call) ... ok
test_exact_interrupted_replay_and_context_guards_all_lanes (test_learning.LearningTests.test_exact_interrupted_replay_and_context_guards_all_lanes) ... ok
test_late_pair_mismatch_retains_all_cells_and_suppresses_all_groups (test_learning.LearningTests.test_late_pair_mismatch_retains_all_cells_and_suppresses_all_groups) ... ok
test_missing_worker_or_changed_decision_retains_failed_inventory (test_learning.LearningTests.test_missing_worker_or_changed_decision_retains_failed_inventory) ... ok
test_one_fresh_matrix_authorization_precedes_all_test_calls (test_learning.LearningTests.test_one_fresh_matrix_authorization_precedes_all_test_calls) ... ok
test_real_train_bundle_regenerates_model_predictions_and_loss (test_learning.LearningTests.test_real_train_bundle_regenerates_model_predictions_and_loss) ... ok
test_real_upstream_logical_identity_and_manifest_file_hash_are_distinct (test_learning.LearningTests.test_real_upstream_logical_identity_and_manifest_file_hash_are_distinct) ... ok
test_request_requires_current_source_environment_prior_budget_and_admission (test_learning.LearningTests.test_request_requires_current_source_environment_prior_budget_and_admission) ... ok
test_runner_pin_checks_actual_bytes (test_learning.LearningTests.test_runner_pin_checks_actual_bytes) ... ok
test_runner_training_timeouts_still_evaluate_decision_and_summarize (test_learning.LearningTests.test_runner_training_timeouts_still_evaluate_decision_and_summarize) ... ok
test_separate_plan_bounds_and_original_profile_limits (test_learning.LearningTests.test_separate_plan_bounds_and_original_profile_limits) ... ok
test_successful_paired_summary_does_not_automatically_unlock_phase5 (test_learning.LearningTests.test_successful_paired_summary_does_not_automatically_unlock_phase5) ... ok
test_summary_timeout_retains_prior_output_and_conservative_inventory (test_learning.LearningTests.test_summary_timeout_retains_prior_output_and_conservative_inventory) ... ok
test_cpu_research_coverage_001_exact_ordered_standalone_case_identity (test_cpu_research_runner.ResearchRunnerTests.test_cpu_research_coverage_001_exact_ordered_standalone_case_identity) ... ok
test_empty_import_error_failure_and_required_skip_never_succeed (test_cpu_research_runner.ResearchRunnerTests.test_empty_import_error_failure_and_required_skip_never_succeed) ... ok
test_request_binds_source_environment_curriculum_and_protocol (test_request.DiagnosticRequestTests.test_request_binds_source_environment_curriculum_and_protocol) ... ok
test_wrong_parent_rejects_before_model_verification_or_diagnostics (test_request.DiagnosticRequestTests.test_wrong_parent_rejects_before_model_verification_or_diagnostics) ... ok

----------------------------------------------------------------------
Ran 122 tests in 150.224s

OK
